
> east26@0.1.0 dev /Users/denisestimon/Desktop/east26
> next dev

 ⚠ Warning: Next.js inferred your workspace root, but it may not be correct.
 We detected multiple lockfiles and selected the directory of /Users/denisestimon/pnpm-lock.yaml as the root directory.
 To silence this warning, set `outputFileTracingRoot` in your Next.js config, or consider removing one of the lockfiles if it's not needed.
   See https://nextjs.org/docs/app/api-reference/config/next-config-js/output#caveats for more information.
 Detected additional lockfiles: 
   * /Users/denisestimon/Desktop/east26/pnpm-lock.yaml

   ▲ Next.js 15.5.9
   - Local:        http://localhost:3000
   - Network:      http://10.0.0.109:3000
   - Environments: .env.local

 ✓ Starting...
 ✓ Ready in 1402ms
 ○ Compiling /_not-found ...
 ✓ Compiled /_not-found in 821ms (599 modules)
 GET /rigid 404 in 1065ms
 ✓ Compiled /favicon.ico in 134ms (396 modules)
 GET /favicon.ico 200 in 217ms
 ○ Compiling /ridgid ...
 ✓ Compiled /ridgid in 1127ms (1690 modules)
[⣷] Pulling schema from database...
[2K[1G[⣯] Pulling schema from database...
[2K[1G[⣟] Pulling schema from database...
[2K[1G[⡿] Pulling schema from database...
[2K[1G[⢿] Pulling schema from database...
[2K[1G[⣻] Pulling schema from database...
[2K[1G[⣽] Pulling schema from database...
[2K[1G[⣷] Pulling schema from database...
[2K[1G[⣯] Pulling schema from database...
[2K[1G[⣟] Pulling schema from database...
[2K[1G[⡿] Pulling schema from database...
[2K[1G[⢿] Pulling schema from database...
[2K[1G[⣻] Pulling schema from database...
[2K[1G[⣽] Pulling schema from database...
[2K[1G[⣷] Pulling schema from database...
[2K[1G[⣯] Pulling schema from database...
[2K[1G[⣟] Pulling schema from database...
[2K[1G[⡿] Pulling schema from database...
[2K[1G[⢿] Pulling schema from database...
[2K[1G[⣻] Pulling schema from database...
[2K[1G[✓] Pulling schema from database...
[19:53:07] [33mWARN[39m: [36mNo email adapter provided. Email will be written to console. More info at https://payloadcms.com/docs/email/overview.[39m
 GET /ridgid 200 in 8296ms
 ✓ Compiled /greenlee in 344ms (1692 modules)
 GET /greenlee 200 in 952ms
 ○ Compiling /api/[...slug] ...
 ✓ Compiled /api/[...slug] in 817ms (2413 modules)
 GET /api/parts?limit=1 200 in 2839ms
 GET /ridgid 200 in 903ms
 GET /ridgid?q=WHEEL&page=1 200 in 869ms
 GET /greenlee 200 in 675ms
 GET /greenlee 200 in 700ms
 GET /greenlee?q=WHEEL&page=1 200 in 1892ms
 GET /ridgid 200 in 669ms
 GET /ridgid?q=PIP&page=1 200 in 2292ms
 GET /greenlee 200 in 701ms
 ○ Compiling /new-equipment ...
 ✓ Compiled /new-equipment in 3.2s (1681 modules)
 GET /new-equipment 200 in 3535ms
 GET /new-equipment 200 in 107ms
 ○ Compiling /refurbished ...
 ✓ Compiled /refurbished in 3.6s (1688 modules)
 GET /refurbished 200 in 5245ms
 GET /ridgid 200 in 4924ms
 GET /greenlee 200 in 2739ms
 GET /greenlee?q=1&page=1 200 in 788ms
 GET /greenlee?q=10&page=1 200 in 369ms
 GET /greenlee?q=100&page=1 200 in 222ms
 GET /greenlee?q=095691100269&page=1 200 in 592ms
 GET /greenlee?q=10026&page=1 200 in 519ms
 GET /greenlee?page=1 200 in 229ms
 GET /greenlee?page=1&q=00042 200 in 577ms
 GET /greenlee?page=1&q=Z145 200 in 551ms
 GET /ridgid 200 in 592ms
 GET /ridgid?q=99530&page=1 200 in 594ms
 ○ Compiling /api/import-parts ...
 ✓ Compiled /api/import-parts in 1574ms (1702 modules)
Processing 12349 rows for ridgid (Sheet: RIDGID)...
Processing batch 1 of 247 for ridgid...
Processing batch 2 of 247 for ridgid...
Processing batch 3 of 247 for ridgid...
Processing batch 4 of 247 for ridgid...
Processing batch 5 of 247 for ridgid...
Processing batch 6 of 247 for ridgid...
Processing batch 7 of 247 for ridgid...
Processing batch 8 of 247 for ridgid...
Processing batch 9 of 247 for ridgid...
Processing batch 10 of 247 for ridgid...
Processing batch 11 of 247 for ridgid...
Processing batch 12 of 247 for ridgid...
Processing batch 13 of 247 for ridgid...
Processing batch 14 of 247 for ridgid...
Processing batch 15 of 247 for ridgid...
Processing batch 16 of 247 for ridgid...
Processing batch 17 of 247 for ridgid...
Processing batch 18 of 247 for ridgid...
Processing batch 19 of 247 for ridgid...
Processing batch 20 of 247 for ridgid...
Processing batch 21 of 247 for ridgid...
Processing batch 22 of 247 for ridgid...
Processing batch 23 of 247 for ridgid...
Processing batch 24 of 247 for ridgid...
Processing batch 25 of 247 for ridgid...
Processing batch 26 of 247 for ridgid...
Processing batch 27 of 247 for ridgid...
Processing batch 28 of 247 for ridgid...
Processing batch 29 of 247 for ridgid...
Processing batch 30 of 247 for ridgid...
Processing batch 31 of 247 for ridgid...
Processing batch 32 of 247 for ridgid...
Processing batch 33 of 247 for ridgid...
Processing batch 34 of 247 for ridgid...
 ○ Compiling /api/[...slug] ...
Processing batch 35 of 247 for ridgid...
 ✓ Compiled /api/[...slug] in 904ms (1794 modules)
Processing batch 36 of 247 for ridgid...
 GET /api/parts?limit=1 200 in 2013ms
Processing batch 37 of 247 for ridgid...
Processing batch 38 of 247 for ridgid...
Processing batch 39 of 247 for ridgid...
Processing batch 40 of 247 for ridgid...
Processing batch 41 of 247 for ridgid...
Processing batch 42 of 247 for ridgid...
Processing batch 43 of 247 for ridgid...
Processing batch 44 of 247 for ridgid...
Processing batch 45 of 247 for ridgid...
Processing batch 46 of 247 for ridgid...
Processing batch 47 of 247 for ridgid...
Processing batch 48 of 247 for ridgid...
Processing batch 49 of 247 for ridgid...
Processing batch 50 of 247 for ridgid...
Processing batch 51 of 247 for ridgid...
Processing batch 52 of 247 for ridgid...
Processing batch 53 of 247 for ridgid...
Processing batch 54 of 247 for ridgid...
Processing batch 55 of 247 for ridgid...
Processing batch 56 of 247 for ridgid...
Processing batch 57 of 247 for ridgid...
Processing batch 58 of 247 for ridgid...
Processing batch 59 of 247 for ridgid...
Processing batch 60 of 247 for ridgid...
Processing batch 61 of 247 for ridgid...
Processing batch 62 of 247 for ridgid...
Processing batch 63 of 247 for ridgid...
Processing batch 64 of 247 for ridgid...
Processing batch 65 of 247 for ridgid...
Processing batch 66 of 247 for ridgid...
Processing batch 67 of 247 for ridgid...
Processing batch 68 of 247 for ridgid...
Processing batch 69 of 247 for ridgid...
Processing batch 70 of 247 for ridgid...
Processing batch 71 of 247 for ridgid...
Processing batch 72 of 247 for ridgid...
Processing batch 73 of 247 for ridgid...
Processing batch 74 of 247 for ridgid...
 GET /api/parts?limit=1 200 in 1479ms
Processing batch 75 of 247 for ridgid...
Processing batch 76 of 247 for ridgid...
Processing batch 77 of 247 for ridgid...
Processing batch 78 of 247 for ridgid...
Processing batch 79 of 247 for ridgid...
Processing batch 80 of 247 for ridgid...
Processing batch 81 of 247 for ridgid...
Processing batch 82 of 247 for ridgid...
Processing batch 83 of 247 for ridgid...
 GET /api/parts?limit=1 200 in 714ms
Processing batch 84 of 247 for ridgid...
Processing batch 85 of 247 for ridgid...
Processing batch 86 of 247 for ridgid...
Processing batch 87 of 247 for ridgid...
Processing batch 88 of 247 for ridgid...
Processing batch 89 of 247 for ridgid...
Processing batch 90 of 247 for ridgid...
Processing batch 91 of 247 for ridgid...
Processing batch 92 of 247 for ridgid...
Processing batch 93 of 247 for ridgid...
Processing batch 94 of 247 for ridgid...
Processing batch 95 of 247 for ridgid...
Processing batch 96 of 247 for ridgid...
Processing batch 97 of 247 for ridgid...
Processing batch 98 of 247 for ridgid...
Processing batch 99 of 247 for ridgid...
Processing batch 100 of 247 for ridgid...
Processing batch 101 of 247 for ridgid...
Processing batch 102 of 247 for ridgid...
Processing batch 103 of 247 for ridgid...
Processing batch 104 of 247 for ridgid...
Processing batch 105 of 247 for ridgid...
Processing batch 106 of 247 for ridgid...
 GET /api/parts?limit=1 200 in 1771ms
Processing batch 107 of 247 for ridgid...
Processing batch 108 of 247 for ridgid...
Processing batch 109 of 247 for ridgid...
Processing batch 110 of 247 for ridgid...
Processing batch 111 of 247 for ridgid...
Processing batch 112 of 247 for ridgid...
Processing batch 113 of 247 for ridgid...
Processing batch 114 of 247 for ridgid...
Processing batch 115 of 247 for ridgid...
 GET /api/parts?limit=1 200 in 1021ms
Processing batch 116 of 247 for ridgid...
Processing batch 117 of 247 for ridgid...
 GET /api/parts?limit=1 200 in 1753ms
Processing batch 118 of 247 for ridgid...
Processing batch 119 of 247 for ridgid...
Processing batch 120 of 247 for ridgid...
Processing batch 121 of 247 for ridgid...
Processing batch 122 of 247 for ridgid...
Processing batch 123 of 247 for ridgid...
Processing batch 124 of 247 for ridgid...
Processing batch 125 of 247 for ridgid...
Processing batch 126 of 247 for ridgid...
Processing batch 127 of 247 for ridgid...
Processing batch 128 of 247 for ridgid...
 GET /api/parts?limit=1 200 in 820ms
Processing batch 129 of 247 for ridgid...
Processing batch 130 of 247 for ridgid...
Processing batch 131 of 247 for ridgid...
Processing batch 132 of 247 for ridgid...
Processing batch 133 of 247 for ridgid...
Processing batch 134 of 247 for ridgid...
Processing batch 135 of 247 for ridgid...
Processing batch 136 of 247 for ridgid...
Processing batch 137 of 247 for ridgid...
Processing batch 138 of 247 for ridgid...
Processing batch 139 of 247 for ridgid...
Processing batch 140 of 247 for ridgid...
Processing batch 141 of 247 for ridgid...
Processing batch 142 of 247 for ridgid...
Processing batch 143 of 247 for ridgid...
Processing batch 144 of 247 for ridgid...
Processing batch 145 of 247 for ridgid...
Processing batch 146 of 247 for ridgid...
Processing batch 147 of 247 for ridgid...
Processing batch 148 of 247 for ridgid...
Processing batch 149 of 247 for ridgid...
Processing batch 150 of 247 for ridgid...
Processing batch 151 of 247 for ridgid...
Processing batch 152 of 247 for ridgid...
Processing batch 153 of 247 for ridgid...
Processing batch 154 of 247 for ridgid...
Processing batch 155 of 247 for ridgid...
Processing batch 156 of 247 for ridgid...
Processing batch 157 of 247 for ridgid...
Processing batch 158 of 247 for ridgid...
Processing batch 159 of 247 for ridgid...
Processing batch 160 of 247 for ridgid...
Processing batch 161 of 247 for ridgid...
Processing batch 162 of 247 for ridgid...
Processing batch 163 of 247 for ridgid...
Processing batch 164 of 247 for ridgid...
Processing batch 165 of 247 for ridgid...
Processing batch 166 of 247 for ridgid...
Processing batch 167 of 247 for ridgid...
Processing batch 168 of 247 for ridgid...
 GET /api/parts?limit=1 200 in 1855ms
Processing batch 169 of 247 for ridgid...
Processing batch 170 of 247 for ridgid...
Processing batch 171 of 247 for ridgid...
Processing batch 172 of 247 for ridgid...
Processing batch 173 of 247 for ridgid...
Processing batch 174 of 247 for ridgid...
Processing batch 175 of 247 for ridgid...
Processing batch 176 of 247 for ridgid...
Processing batch 177 of 247 for ridgid...
Processing batch 178 of 247 for ridgid...
Processing batch 179 of 247 for ridgid...
Processing batch 180 of 247 for ridgid...
Processing batch 181 of 247 for ridgid...
Processing batch 182 of 247 for ridgid...
Processing batch 183 of 247 for ridgid...
Processing batch 184 of 247 for ridgid...
Processing batch 185 of 247 for ridgid...
Processing batch 186 of 247 for ridgid...
Processing batch 187 of 247 for ridgid...
Processing batch 188 of 247 for ridgid...
Processing batch 189 of 247 for ridgid...
Processing batch 190 of 247 for ridgid...
Processing batch 191 of 247 for ridgid...
Processing batch 192 of 247 for ridgid...
Processing batch 193 of 247 for ridgid...
Processing batch 194 of 247 for ridgid...
Processing batch 195 of 247 for ridgid...
Processing batch 196 of 247 for ridgid...
Processing batch 197 of 247 for ridgid...
Processing batch 198 of 247 for ridgid...
Processing batch 199 of 247 for ridgid...
Processing batch 200 of 247 for ridgid...
Processing batch 201 of 247 for ridgid...
Processing batch 202 of 247 for ridgid...
Processing batch 203 of 247 for ridgid...
Processing batch 204 of 247 for ridgid...
Processing batch 205 of 247 for ridgid...
Processing batch 206 of 247 for ridgid...
Processing batch 207 of 247 for ridgid...
Processing batch 208 of 247 for ridgid...
Processing batch 209 of 247 for ridgid...
Processing batch 210 of 247 for ridgid...
Processing batch 211 of 247 for ridgid...
Processing batch 212 of 247 for ridgid...
Processing batch 213 of 247 for ridgid...
Processing batch 214 of 247 for ridgid...
Processing batch 215 of 247 for ridgid...
Processing batch 216 of 247 for ridgid...
Processing batch 217 of 247 for ridgid...
Processing batch 218 of 247 for ridgid...
 GET /api/parts?limit=1 200 in 1437ms
Processing batch 219 of 247 for ridgid...
Processing batch 220 of 247 for ridgid...
Processing batch 221 of 247 for ridgid...
Processing batch 222 of 247 for ridgid...
Processing batch 223 of 247 for ridgid...
Processing batch 224 of 247 for ridgid...
Processing batch 225 of 247 for ridgid...
Processing batch 226 of 247 for ridgid...
Processing batch 227 of 247 for ridgid...
Processing batch 228 of 247 for ridgid...
Processing batch 229 of 247 for ridgid...
Processing batch 230 of 247 for ridgid...
Processing batch 231 of 247 for ridgid...
Processing batch 232 of 247 for ridgid...
Processing batch 233 of 247 for ridgid...
Processing batch 234 of 247 for ridgid...
Processing batch 235 of 247 for ridgid...
Processing batch 236 of 247 for ridgid...
 GET /api/parts?limit=1 200 in 1907ms
Processing batch 237 of 247 for ridgid...
Processing batch 238 of 247 for ridgid...
Processing batch 239 of 247 for ridgid...
Processing batch 240 of 247 for ridgid...
Processing batch 241 of 247 for ridgid...
Processing batch 242 of 247 for ridgid...
Processing batch 243 of 247 for ridgid...
Processing batch 244 of 247 for ridgid...
Processing batch 245 of 247 for ridgid...
Processing batch 246 of 247 for ridgid...
Processing batch 247 of 247 for ridgid...
Processing 9837 rows for greenlee (Sheet: GREENLEE)...
Processing batch 1 of 197 for greenlee...
Processing batch 2 of 197 for greenlee...
Processing batch 3 of 197 for greenlee...
Processing batch 4 of 197 for greenlee...
Processing batch 5 of 197 for greenlee...
Processing batch 6 of 197 for greenlee...
Processing batch 7 of 197 for greenlee...
Processing batch 8 of 197 for greenlee...
 GET /api/parts?limit=1 200 in 650ms
Processing batch 9 of 197 for greenlee...
Processing batch 10 of 197 for greenlee...
Processing batch 11 of 197 for greenlee...
Processing batch 12 of 197 for greenlee...
Processing batch 13 of 197 for greenlee...
Processing batch 14 of 197 for greenlee...
Processing batch 15 of 197 for greenlee...
Processing batch 16 of 197 for greenlee...
Processing batch 17 of 197 for greenlee...
Processing batch 18 of 197 for greenlee...
Processing batch 19 of 197 for greenlee...
Processing batch 20 of 197 for greenlee...
Processing batch 21 of 197 for greenlee...
Processing batch 22 of 197 for greenlee...
Processing batch 23 of 197 for greenlee...
Processing batch 24 of 197 for greenlee...
Processing batch 25 of 197 for greenlee...
Processing batch 26 of 197 for greenlee...
Processing batch 27 of 197 for greenlee...
 GET /api/parts?limit=1 200 in 1406ms
Processing batch 28 of 197 for greenlee...
 GET /api/parts?limit=1 200 in 190ms
Processing batch 29 of 197 for greenlee...
Processing batch 30 of 197 for greenlee...
Processing batch 31 of 197 for greenlee...
Processing batch 32 of 197 for greenlee...
Processing batch 33 of 197 for greenlee...
Processing batch 34 of 197 for greenlee...
Processing batch 35 of 197 for greenlee...
Processing batch 36 of 197 for greenlee...
Processing batch 37 of 197 for greenlee...
 GET /api/parts?limit=1 200 in 192ms
Processing batch 38 of 197 for greenlee...
Processing batch 39 of 197 for greenlee...
Processing batch 40 of 197 for greenlee...
Processing batch 41 of 197 for greenlee...
Processing batch 42 of 197 for greenlee...
 GET /ridgid 200 in 2246ms
Processing batch 43 of 197 for greenlee...
Processing batch 44 of 197 for greenlee...
Processing batch 45 of 197 for greenlee...
 GET /greenlee 200 in 1677ms
Processing batch 46 of 197 for greenlee...
Processing batch 47 of 197 for greenlee...
Processing batch 48 of 197 for greenlee...
 GET /ridgid 200 in 1812ms
Processing batch 49 of 197 for greenlee...
Processing batch 50 of 197 for greenlee...
Processing batch 51 of 197 for greenlee...
 GET /greenlee 200 in 1430ms
Processing batch 52 of 197 for greenlee...
Processing batch 53 of 197 for greenlee...
Processing batch 54 of 197 for greenlee...
 GET /ridgid 200 in 1986ms
Processing batch 55 of 197 for greenlee...
Processing batch 56 of 197 for greenlee...
Processing batch 57 of 197 for greenlee...
Processing batch 58 of 197 for greenlee...
 GET /api/parts?limit=1 200 in 2386ms
Processing batch 59 of 197 for greenlee...
Processing batch 60 of 197 for greenlee...
 GET /greenlee 200 in 903ms
Processing batch 61 of 197 for greenlee...
Processing batch 62 of 197 for greenlee...
Processing batch 63 of 197 for greenlee...
 GET /ridgid 200 in 2177ms
Processing batch 64 of 197 for greenlee...
Processing batch 65 of 197 for greenlee...
Processing batch 66 of 197 for greenlee...
 GET /greenlee 200 in 1379ms
Processing batch 67 of 197 for greenlee...
Processing batch 68 of 197 for greenlee...
Processing batch 69 of 197 for greenlee...
Processing batch 70 of 197 for greenlee...
Processing batch 71 of 197 for greenlee...
Processing batch 72 of 197 for greenlee...
Processing batch 73 of 197 for greenlee...
 GET /api/parts?limit=1 200 in 799ms
Processing batch 74 of 197 for greenlee...
Processing batch 75 of 197 for greenlee...
Processing batch 76 of 197 for greenlee...
Processing batch 77 of 197 for greenlee...
Processing batch 78 of 197 for greenlee...
Processing batch 79 of 197 for greenlee...
Processing batch 80 of 197 for greenlee...
Processing batch 81 of 197 for greenlee...
Processing batch 82 of 197 for greenlee...
Processing batch 83 of 197 for greenlee...
Processing batch 84 of 197 for greenlee...
Processing batch 85 of 197 for greenlee...
Processing batch 86 of 197 for greenlee...
 GET /api/parts?limit=1 200 in 550ms
Processing batch 87 of 197 for greenlee...
Processing batch 88 of 197 for greenlee...
Processing batch 89 of 197 for greenlee...
Processing batch 90 of 197 for greenlee...
Processing batch 91 of 197 for greenlee...
Processing batch 92 of 197 for greenlee...
Processing batch 93 of 197 for greenlee...
Processing batch 94 of 197 for greenlee...
Processing batch 95 of 197 for greenlee...
Processing batch 96 of 197 for greenlee...
Processing batch 97 of 197 for greenlee...
 GET /api/parts?limit=1 200 in 1817ms
Processing batch 98 of 197 for greenlee...
Processing batch 99 of 197 for greenlee...
Processing batch 100 of 197 for greenlee...
Processing batch 101 of 197 for greenlee...
Processing batch 102 of 197 for greenlee...
Processing batch 103 of 197 for greenlee...
Processing batch 104 of 197 for greenlee...
Processing batch 105 of 197 for greenlee...
Processing batch 106 of 197 for greenlee...
Processing batch 107 of 197 for greenlee...
Processing batch 108 of 197 for greenlee...
 GET /api/parts?limit=1 200 in 1150ms
Processing batch 109 of 197 for greenlee...
Processing batch 110 of 197 for greenlee...
Processing batch 111 of 197 for greenlee...
Processing batch 112 of 197 for greenlee...
Processing batch 113 of 197 for greenlee...
Processing batch 114 of 197 for greenlee...
Processing batch 115 of 197 for greenlee...
Processing batch 116 of 197 for greenlee...
Processing batch 117 of 197 for greenlee...
Processing batch 118 of 197 for greenlee...
 GET /api/parts?limit=1 200 in 1457ms
 GET /api/parts?limit=1 200 in 281ms
Processing batch 119 of 197 for greenlee...
Processing batch 120 of 197 for greenlee...
Processing batch 121 of 197 for greenlee...
Processing batch 122 of 197 for greenlee...
Processing batch 123 of 197 for greenlee...
Processing batch 124 of 197 for greenlee...
Processing batch 125 of 197 for greenlee...
Processing batch 126 of 197 for greenlee...
Processing batch 127 of 197 for greenlee...
Processing batch 128 of 197 for greenlee...
Processing batch 129 of 197 for greenlee...
Processing batch 130 of 197 for greenlee...
Processing batch 131 of 197 for greenlee...
Processing batch 132 of 197 for greenlee...
Processing batch 133 of 197 for greenlee...
Processing batch 134 of 197 for greenlee...
Processing batch 135 of 197 for greenlee...
Processing batch 136 of 197 for greenlee...
Processing batch 137 of 197 for greenlee...
Processing batch 138 of 197 for greenlee...
Processing batch 139 of 197 for greenlee...
Processing batch 140 of 197 for greenlee...
Processing batch 141 of 197 for greenlee...
Processing batch 142 of 197 for greenlee...
Processing batch 143 of 197 for greenlee...
Processing batch 144 of 197 for greenlee...
Processing batch 145 of 197 for greenlee...
Processing batch 146 of 197 for greenlee...
Processing batch 147 of 197 for greenlee...
Processing batch 148 of 197 for greenlee...
Processing batch 149 of 197 for greenlee...
Processing batch 150 of 197 for greenlee...
Processing batch 151 of 197 for greenlee...
Processing batch 152 of 197 for greenlee...
Processing batch 153 of 197 for greenlee...
Processing batch 154 of 197 for greenlee...
Processing batch 155 of 197 for greenlee...
Processing batch 156 of 197 for greenlee...
Processing batch 157 of 197 for greenlee...
Processing batch 158 of 197 for greenlee...
Processing batch 159 of 197 for greenlee...
Processing batch 160 of 197 for greenlee...
Processing batch 161 of 197 for greenlee...
Processing batch 162 of 197 for greenlee...
Processing batch 163 of 197 for greenlee...
Processing batch 164 of 197 for greenlee...
Processing batch 165 of 197 for greenlee...
Processing batch 166 of 197 for greenlee...
Processing batch 167 of 197 for greenlee...
Processing batch 168 of 197 for greenlee...
Processing batch 169 of 197 for greenlee...
Processing batch 170 of 197 for greenlee...
Processing batch 171 of 197 for greenlee...
Processing batch 172 of 197 for greenlee...
Processing batch 173 of 197 for greenlee...
Processing batch 174 of 197 for greenlee...
Processing batch 175 of 197 for greenlee...
Processing batch 176 of 197 for greenlee...
Processing batch 177 of 197 for greenlee...
Processing batch 178 of 197 for greenlee...
Processing batch 179 of 197 for greenlee...
Processing batch 180 of 197 for greenlee...
Processing batch 181 of 197 for greenlee...
Processing batch 182 of 197 for greenlee...
Processing batch 183 of 197 for greenlee...
Processing batch 184 of 197 for greenlee...
Processing batch 185 of 197 for greenlee...
Processing batch 186 of 197 for greenlee...
Processing batch 187 of 197 for greenlee...
Processing batch 188 of 197 for greenlee...
Processing batch 189 of 197 for greenlee...
Processing batch 190 of 197 for greenlee...
Processing batch 191 of 197 for greenlee...
Processing batch 192 of 197 for greenlee...
Processing batch 193 of 197 for greenlee...
Processing batch 194 of 197 for greenlee...
Processing batch 195 of 197 for greenlee...
Processing batch 196 of 197 for greenlee...
Processing batch 197 of 197 for greenlee...
 POST /api/import-parts?limit=50000 200 in 1088190ms
 GET /api/parts?limit=1 200 in 626ms
 GET /ridgid 200 in 870ms
 GET /greenlee 200 in 575ms
 GET /api/parts?limit=1 200 in 481ms
 GET /ridgid 200 in 406ms
 GET /greenlee 200 in 489ms
 GET /ridgid 200 in 676ms
 GET /greenlee 200 in 595ms
 GET /api/parts?limit=1&where%5Bmanufacturer%5D%5Bequals%5D=ridgid 200 in 1219ms
 GET /api/parts?limit=1&where%5Bmanufacturer%5D%5Bequals%5D=greenlee 200 in 358ms
 GET /greenlee?q=ggg%3D%3D&page=1 200 in 1556ms
 GET /greenlee?page=1 200 in 338ms
 ✓ Compiled in 6.6s (1697 modules)
 ○ Compiling /_not-found ...
Generating import map
No new imports found, skipping writing import map
 GET /ridgid?q=99530&page=1 200 in 2379ms
 GET /ridgid?q=WHEEL&page=1 200 in 2380ms
 GET /ridgid 200 in 2384ms
 GET /greenlee 200 in 2356ms
 GET /greenlee?q=WHEEL&page=1 200 in 2410ms
 ✓ Compiled /_not-found in 3.8s (1688 modules)
 GET /rigid 404 in 5225ms
 GET /rigid 404 in 641ms
 GET /ridgid?q=PIP&page=1 200 in 3314ms
 GET /ridgid 200 in 3312ms
 GET /greenlee?page=1 200 in 3323ms
 GET /greenlee 200 in 3326ms
 GET /ridgid 200 in 662ms
 GET /greenlee 200 in 558ms
 GET /ridgid 200 in 560ms
 GET /greenlee 200 in 399ms
 GET /ridgid 200 in 377ms
 GET /ridgid 200 in 311ms
 GET /greenlee 200 in 318ms
 GET /greenlee 200 in 406ms
 GET /ridgid 200 in 596ms
 GET /greenlee 200 in 383ms
 ○ Compiling /cart ...
 ✓ Compiled /cart in 1028ms (1696 modules)
 GET /cart 200 in 1373ms
 ○ Compiling / ...
 ✓ Compiled /refurbished in 9.5s (1747 modules)
 GET / 200 in 5253ms
 GET /new-equipment 200 in 4532ms
 GET /refurbished 200 in 3483ms
Generating import map
No new imports found, skipping writing import map
 GET /rigid 404 in 860ms
 ⚠ Fast Refresh had to perform a full reload. Read more: https://nextjs.org/docs/messages/fast-refresh-reload
 GET /rigid 404 in 196ms
 GET /ridgid?q=WHEEL&page=1 200 in 1893ms
 GET /ridgid 200 in 1867ms
 GET /ridgid?q=PIP&page=1 200 in 1867ms
 GET /ridgid?q=99530&page=1 200 in 787ms
 GET /greenlee 200 in 2085ms
 GET /greenlee?q=WHEEL&page=1 200 in 2074ms
 GET /ridgid 200 in 415ms
 GET /greenlee 200 in 430ms
 GET /greenlee 200 in 296ms
 GET /ridgid 200 in 294ms
 GET /greenlee 200 in 338ms
 GET /ridgid 200 in 411ms
 GET /greenlee 200 in 732ms
 GET /greenlee 200 in 615ms
 GET /ridgid 200 in 710ms
 GET /ridgid 200 in 555ms
 GET /greenlee 200 in 629ms
 GET /ridgid 200 in 797ms
 ✓ Compiled in 3.6s (1748 modules)
Generating import map
 GET /rigid 404 in 650ms
 GET /ridgid 200 in 656ms
No new imports found, skipping writing import map
 GET /rigid 404 in 661ms
 GET /refurbished 200 in 850ms
 GET /ridgid 200 in 1243ms
 GET /greenlee 200 in 1433ms
 GET /ridgid?q=WHEEL&page=1 200 in 2258ms
 GET /greenlee 200 in 2264ms
 GET /greenlee 200 in 1485ms
 GET /ridgid 200 in 1521ms
 GET /ridgid 200 in 898ms
 GET /greenlee 200 in 954ms
 GET /ridgid 200 in 949ms
 GET /ridgid 200 in 430ms
 ⚠ Fast Refresh had to perform a full reload when ktop/east26/src/components/layout/Footer.tsx","ids":["Footer"]}, ktop/east26/src/components/layout/Header.tsx","ids":["Header"]} changed. Read more: https://nextjs.org/docs/messages/fast-refresh-reload
 ⚠ Fast Refresh had to perform a full reload when ktop/east26/src/components/layout/Footer.tsx","ids":["Footer"]}, ktop/east26/src/components/layout/Header.tsx","ids":["Header"]} changed. Read more: https://nextjs.org/docs/messages/fast-refresh-reload
 GET /greenlee 200 in 853ms
 GET /greenlee 200 in 488ms
 ○ Compiling /favicon.ico ...
 ✓ Compiled /favicon.ico in 688ms (1111 modules)
 GET /favicon.ico 200 in 827ms
 GET /favicon.ico 200 in 5ms
 GET /ridgid 200 in 611ms
 ○ Compiling /api/[...slug] ...
 ✓ Compiled /api/[...slug] in 713ms (1832 modules)
 GET /api/parts?limit=1 200 in 1036ms
 GET /api/parts?limit=1 200 in 1376ms
 GET /ridgid?q=P&page=1 200 in 4754ms
 GET /ridgid?q=PIPE&page=1 200 in 3435ms
 GET /ridgid?q=PIPE&page=2 200 in 2222ms
 GET /greenlee 200 in 1683ms
 GET /ridgid 200 in 2159ms
 GET /ridgid?q=WHEEL&page=1 200 in 1811ms
 GET /ridgid?q=THREADERWHEEL&page=1 200 in 3141ms
 GET /ridgid 200 in 5228ms
 GET /api/parts?limit=1 200 in 1715ms
 ✓ Compiled in 1933ms (664 modules)
Generating import map
No new imports found, skipping writing import map
 ✓ Compiled in 390ms (664 modules)
Generating import map
No new imports found, skipping writing import map
 GET /ridgid 200 in 1161ms
 GET /ridgid 200 in 847ms
 ✓ Compiled in 1151ms (1737 modules)
Generating import map
No new imports found, skipping writing import map
 GET /ridgid 200 in 903ms
 ⚠ Fast Refresh had to perform a full reload. Read more: https://nextjs.org/docs/messages/fast-refresh-reload
 ✓ Compiled in 1174ms (1737 modules)
Generating import map
 GET /ridgid 200 in 425ms
No new imports found, skipping writing import map
 GET /ridgid 200 in 1575ms
 ✓ Compiled /favicon.ico in 231ms (1089 modules)
 GET /favicon.ico 200 in 321ms
 ○ Compiling /_not-found ...
